{
    "url": "https://github.com/TartanLlama/expected/archive/refs/tags/v1.1.0.tar.gz",
    "integrity": "sha256-HbNX9G3SskRHFWqvlwxMQKeT7xKoqcKtngltmAE2jfY=",
    "strip_prefix": "expected-1.1.0",
    "patch_strip": 0,
    "overlay": {
        "BUILD.bazel": "sha256-tPPfIBtgrE3G9AXLvl4rsLfBYKxqiKqkVUqVF5gXdUc=",
        "MODULE.bazel": "sha256-q0OQ70XH2Z8blFfozL6tR4nrGFXhV1cucoze46VfsZI="
    }
}
